// Jest Snapshot v1, https://goo.gl/fbAQLP

exports[`getTrackAnnotation check jsgraph annotations 1`] = `
[
  {
    "label": {
      "position": {
        "x": "130px",
        "y": "20px",
      },
      "size": 16,
      "text": "x: 20.0000",
    },
    "position": [
      {
        "x": "70px",
        "y": "15px",
      },
      {
        "x": "85px",
        "y": "15px",
      },
    ],
    "strokeWidth": 1e-7,
    "type": "line",
  },
  {
    "label": {
      "position": {
        "x": "90px",
        "y": "35px",
      },
      "text": "3.000 - 2",
    },
    "position": [
      {
        "x": "70px",
        "y": "30px",
      },
      {
        "x": "85px",
        "y": "30px",
      },
    ],
    "strokeColor": "green",
    "strokeWidth": 2,
    "type": "line",
  },
  {
    "label": {
      "position": {
        "x": "90px",
        "y": "50px",
      },
      "text": "2.000 - 1",
    },
    "position": [
      {
        "x": "70px",
        "y": "45px",
      },
      {
        "x": "85px",
        "y": "45px",
      },
    ],
    "strokeColor": "red",
    "strokeWidth": 2,
    "type": "line",
  },
]
`;
